Archive member included because of file (symbol)

/usr/bin/../lib/gcc/arm-none-eabi/4.9.3/armv7-m/libgcc.a(_arm_addsubsf3.o)
                              ./src/calibration.o (__aeabi_fsub)
/usr/bin/../lib/gcc/arm-none-eabi/4.9.3/armv7-m/libgcc.a(_arm_muldivsf3.o)
                              ./src/calibration.o (__aeabi_fmul)
/usr/bin/../lib/gcc/arm-none-eabi/4.9.3/armv7-m/libgcc.a(_arm_fixsfsi.o)
                              ./src/calibration.o (__aeabi_f2iz)
/usr/bin/../lib/gcc/arm-none-eabi/4.9.3/../../../../arm-none-eabi/lib/armv7-m/libg.a(lib_a-exit.o)
                              /usr/bin/../lib/gcc/arm-none-eabi/4.9.3/../../../../arm-none-eabi/lib/armv7-m/crt0.o (exit)
/usr/bin/../lib/gcc/arm-none-eabi/4.9.3/../../../../arm-none-eabi/lib/armv7-m/libg.a(lib_a-impure.o)
                              /usr/bin/../lib/gcc/arm-none-eabi/4.9.3/../../../../arm-none-eabi/lib/armv7-m/libg.a(lib_a-exit.o) (_global_impure_ptr)
/usr/bin/../lib/gcc/arm-none-eabi/4.9.3/../../../../arm-none-eabi/lib/armv7-m/libg.a(lib_a-init.o)
                              /usr/bin/../lib/gcc/arm-none-eabi/4.9.3/../../../../arm-none-eabi/lib/armv7-m/crt0.o (__libc_init_array)
/usr/bin/../lib/gcc/arm-none-eabi/4.9.3/../../../../arm-none-eabi/lib/armv7-m/libg.a(lib_a-memset.o)
                              /usr/bin/../lib/gcc/arm-none-eabi/4.9.3/../../../../arm-none-eabi/lib/armv7-m/crt0.o (memset)
/usr/bin/../lib/gcc/arm-none-eabi/4.9.3/../../../../arm-none-eabi/lib/armv7-m/libg.a(lib_a-__call_atexit.o)
                              /usr/bin/../lib/gcc/arm-none-eabi/4.9.3/../../../../arm-none-eabi/lib/armv7-m/libg.a(lib_a-exit.o) (__call_exitprocs)
/usr/bin/../lib/gcc/arm-none-eabi/4.9.3/../../../../arm-none-eabi/lib/armv7-m/libg.a(lib_a-atexit.o)
                              /usr/bin/../lib/gcc/arm-none-eabi/4.9.3/../../../../arm-none-eabi/lib/armv7-m/libg.a(lib_a-__call_atexit.o) (atexit)
/usr/bin/../lib/gcc/arm-none-eabi/4.9.3/../../../../arm-none-eabi/lib/armv7-m/libg.a(lib_a-fini.o)
                              /usr/bin/../lib/gcc/arm-none-eabi/4.9.3/../../../../arm-none-eabi/lib/armv7-m/libg.a(lib_a-__call_atexit.o) (__libc_fini_array)
/usr/bin/../lib/gcc/arm-none-eabi/4.9.3/../../../../arm-none-eabi/lib/armv7-m/libg.a(lib_a-__atexit.o)
                              /usr/bin/../lib/gcc/arm-none-eabi/4.9.3/../../../../arm-none-eabi/lib/armv7-m/libg.a(lib_a-atexit.o) (__register_exitproc)

Allocating common symbols
Common symbol       size              file

timer               0xc               ./src/hal/timer.o
display             0x42a             ./src/hal/display.o
loadFunctions       0x14              ./src/loadFunctions.o
hal                 0xc               ./src/hal/currentSink.o
calibration         0x30              ./src/calibration.o
trigger             0x4               ./src/hal/extTrigger.o

Discarded input sections

 .text          0x0000000000000000        0x0 /usr/bin/../lib/gcc/arm-none-eabi/4.9.3/armv7-m/crti.o
 .data          0x0000000000000000        0x0 /usr/bin/../lib/gcc/arm-none-eabi/4.9.3/armv7-m/crti.o
 .bss           0x0000000000000000        0x0 /usr/bin/../lib/gcc/arm-none-eabi/4.9.3/armv7-m/crti.o
 .data          0x0000000000000000        0x4 /usr/bin/../lib/gcc/arm-none-eabi/4.9.3/armv7-m/crtbegin.o
 .data          0x0000000000000000        0x0 /usr/bin/../lib/gcc/arm-none-eabi/4.9.3/../../../../arm-none-eabi/lib/armv7-m/crt0.o
 .bss           0x0000000000000000        0x0 /usr/bin/../lib/gcc/arm-none-eabi/4.9.3/../../../../arm-none-eabi/lib/armv7-m/crt0.o
 .ARM.extab     0x0000000000000000        0x0 /usr/bin/../lib/gcc/arm-none-eabi/4.9.3/../../../../arm-none-eabi/lib/armv7-m/crt0.o
 .text          0x0000000000000000        0x0 ./src/system/core_cm3.o
 .data          0x0000000000000000        0x0 ./src/system/core_cm3.o
 .bss           0x0000000000000000        0x0 ./src/system/core_cm3.o
 .text.__get_PSP
                0x0000000000000000        0x8 ./src/system/core_cm3.o
 .text.__set_PSP
                0x0000000000000000        0x6 ./src/system/core_cm3.o
 .text.__get_MSP
                0x0000000000000000        0x8 ./src/system/core_cm3.o
 .text.__set_MSP
                0x0000000000000000        0x6 ./src/system/core_cm3.o
 .text.__get_BASEPRI
                0x0000000000000000        0x6 ./src/system/core_cm3.o
 .text.__set_BASEPRI
                0x0000000000000000        0x6 ./src/system/core_cm3.o
 .text.__get_PRIMASK
                0x0000000000000000        0x6 ./src/system/core_cm3.o
 .text.__set_PRIMASK
                0x0000000000000000        0x6 ./src/system/core_cm3.o
 .text.__get_FAULTMASK
                0x0000000000000000        0x6 ./src/system/core_cm3.o
 .text.__set_FAULTMASK
                0x0000000000000000        0x6 ./src/system/core_cm3.o
 .text.__get_CONTROL
                0x0000000000000000        0x6 ./src/system/core_cm3.o
 .text.__set_CONTROL
                0x0000000000000000        0x6 ./src/system/core_cm3.o
[...]
Memory Configuration

Name             Origin             Length             Attributes
*default*        0x0000000000000000 0xffffffffffffffff

Linker script and memory map

LOAD /usr/bin/../lib/gcc/arm-none-eabi/4.9.3/armv7-m/crti.o
LOAD /usr/bin/../lib/gcc/arm-none-eabi/4.9.3/armv7-m/crtbegin.o
LOAD /usr/bin/../lib/gcc/arm-none-eabi/4.9.3/../../../../arm-none-eabi/lib/armv7-m/crt0.o
LOAD ./src/system/core_cm3.o
LOAD ./src/system/startup_stm32f10x_md.o
LOAD ./src/system/system_stm32f10x.o
LOAD ./src/peripheral/misc.o
LOAD ./src/peripheral/stm32f10x_adc.o
LOAD ./src/peripheral/stm32f10x_bkp.o
LOAD ./src/peripheral/stm32f10x_can.o
LOAD ./src/peripheral/stm32f10x_cec.o
LOAD ./src/peripheral/stm32f10x_crc.o
LOAD ./src/peripheral/stm32f10x_dac.o
LOAD ./src/peripheral/stm32f10x_dbgmcu.o
LOAD ./src/peripheral/stm32f10x_dma.o
LOAD ./src/peripheral/stm32f10x_exti.o
LOAD ./src/peripheral/stm32f10x_flash.o
LOAD ./src/peripheral/stm32f10x_fsmc.o
LOAD ./src/peripheral/stm32f10x_gpio.o
LOAD ./src/peripheral/stm32f10x_i2c.o
LOAD ./src/peripheral/stm32f10x_iwdg.o
LOAD ./src/peripheral/stm32f10x_pwr.o
LOAD ./src/peripheral/stm32f10x_rcc.o
LOAD ./src/peripheral/stm32f10x_rtc.o
LOAD ./src/peripheral/stm32f10x_sdio.o
LOAD ./src/peripheral/stm32f10x_spi.o
LOAD ./src/peripheral/stm32f10x_tim.o
LOAD ./src/peripheral/stm32f10x_usart.o
LOAD ./src/peripheral/stm32f10x_wwdg.o
LOAD ./src/hal/currentSink.o
LOAD ./src/hal/display.o
LOAD ./src/hal/extTrigger.o
LOAD ./src/hal/frontPanel.o
LOAD ./src/hal/timer.o
LOAD ./src/calibration.o
LOAD ./src/displayRoutines.o
LOAD ./src/loadFunctions.o
LOAD ./src/main.o
LOAD ./src/string.o
START GROUP
LOAD /usr/bin/../lib/gcc/arm-none-eabi/4.9.3/armv7-m/libgcc.a
LOAD /usr/bin/../lib/gcc/arm-none-eabi/4.9.3/../../../../arm-none-eabi/lib/armv7-m/libg.a
LOAD /usr/bin/../lib/gcc/arm-none-eabi/4.9.3/../../../../arm-none-eabi/lib/armv7-m/libc.a
END GROUP
LOAD /usr/bin/../lib/gcc/arm-none-eabi/4.9.3/armv7-m/crtend.o
LOAD /usr/bin/../lib/gcc/arm-none-eabi/4.9.3/armv7-m/crtn.o
                0x0000000000008000                PROVIDE (__executable_start, 0x8000)
                0x0000000000008000                . = 0x8000

.interp
 *(.interp)

.note.gnu.build-id
 *(.note.gnu.build-id)

.hash
 *(.hash)

.gnu.hash
 *(.gnu.hash)

.dynsym
 *(.dynsym)

.dynstr
 *(.dynstr)

.gnu.version
 *(.gnu.version)

.gnu.version_d
 *(.gnu.version_d)

.gnu.version_r
 *(.gnu.version_r)

.rel.dyn        0x0000000000008000        0x0
 *(.rel.init)
 *(.rel.text .rel.text.* .rel.gnu.linkonce.t.*)
 *(.rel.fini)
 *(.rel.rodata .rel.rodata.* .rel.gnu.linkonce.r.*)
 *(.rel.data.rel.ro .rel.data.rel.ro.* .rel.gnu.linkonce.d.rel.ro.*)
 *(.rel.data .rel.data.* .rel.gnu.linkonce.d.*)
 *(.rel.tdata .rel.tdata.* .rel.gnu.linkonce.td.*)
 *(.rel.tbss .rel.tbss.* .rel.gnu.linkonce.tb.*)
 *(.rel.ctors)
 *(.rel.dtors)
 *(.rel.got)
 *(.rel.bss .rel.bss.* .rel.gnu.linkonce.b.*)
                0x0000000000008000                PROVIDE (__rel_iplt_start, .)
 *(.rel.iplt)
 .rel.iplt      0x0000000000000000        0x0 /usr/bin/../lib/gcc/arm-none-eabi/4.9.3/armv7-m/crtbegin.o
                0x0000000000008000                PROVIDE (__rel_iplt_end, .)

.rela.dyn       0x0000000000008000        0x0
 *(.rela.init)
 *(.rela.text .rela.text.* .rela.gnu.linkonce.t.*)
 *(.rela.fini)
 *(.rela.rodata .rela.rodata.* .rela.gnu.linkonce.r.*)
 *(.rela.data .rela.data.* .rela.gnu.linkonce.d.*)
 *(.rela.tdata .rela.tdata.* .rela.gnu.linkonce.td.*)
 *(.rela.tbss .rela.tbss.* .rela.gnu.linkonce.tb.*)
 *(.rela.ctors)
 *(.rela.dtors)
 *(.rela.got)
 *(.rela.bss .rela.bss.* .rela.gnu.linkonce.b.*)
                0x0000000000008000                PROVIDE (__rela_iplt_start, .)
 *(.rela.iplt)
                0x0000000000008000                PROVIDE (__rela_iplt_end, .)

.rel.plt
 *(.rel.plt)

.rela.plt
 *(.rela.plt)

.init           0x0000000000008000        0xc
 *(SORT(.init))
 .init          0x0000000000008000        0x4 /usr/bin/../lib/gcc/arm-none-eabi/4.9.3/armv7-m/crti.o
                0x0000000000008000                _init
 .init          0x0000000000008004        0x8 /usr/bin/../lib/gcc/arm-none-eabi/4.9.3/armv7-m/crtn.o

.plt
 *(.plt)

.iplt           0x000000000000800c        0x0
 *(.iplt)
 .iplt          0x0000000000000000        0x0 /usr/bin/../lib/gcc/arm-none-eabi/4.9.3/armv7-m/crtbegin.o

.text           0x000000000000800c     0x1680
 *(.text.unlikely .text.*_unlikely .text.unlikely.*)
 *(.text.exit .text.exit.*)
 .text.exit     0x000000000000800c       0x20 /usr/bin/../lib/gcc/arm-none-eabi/4.9.3/../../../../arm-none-eabi/lib/armv7-m/libg.a(lib_a-exit.o)
                0x000000000000800c                exit
 *(.text.startup .text.startup.*)
 .text.startup.main
                0x000000000000802c       0x70 ./src/main.o
                0x000000000000802c                main
 .text.startup.register_fini
                0x000000000000809c       0x14 /usr/bin/../lib/gcc/arm-none-eabi/4.9.3/../../../../arm-none-eabi/lib/armv7-m/libg.a(lib_a-__call_atexit.o)
 *(.text.hot .text.hot.*)
 *(.text .stub .text.* .gnu.linkonce.t.*)
 .text          0x00000000000080b0       0x5c /usr/bin/../lib/gcc/arm-none-eabi/4.9.3/armv7-m/crtbegin.o
 .text          0x000000000000810c       0x74 /usr/bin/../lib/gcc/arm-none-eabi/4.9.3/../../../../arm-none-eabi/lib/armv7-m/crt0.o
                0x000000000000810c                _mainCRTStartup
                0x000000000000810c                _start
 .text.SystemInit
                0x0000000000008180       0xf4 ./src/system/system_stm32f10x.o
                0x0000000000008180                SystemInit
 .text.NVIC_PriorityGroupConfig
                0x0000000000008274       0x14 ./src/peripheral/misc.o
                0x0000000000008274                NVIC_PriorityGroupConfig
 .text.NVIC_Init
                0x0000000000008288       0x6c ./src/peripheral/misc.o
                0x0000000000008288                NVIC_Init
 .text.ADC_Init
                0x00000000000082f4       0x48 ./src/peripheral/stm32f10x_adc.o
                0x00000000000082f4                ADC_Init
 .text.ADC_Cmd  0x000000000000833c       0x12 ./src/peripheral/stm32f10x_adc.o
                0x000000000000833c                ADC_Cmd
 .text.ADC_DMACmd
                0x000000000000834e       0x12 ./src/peripheral/stm32f10x_adc.o
                0x000000000000834e                ADC_DMACmd
 .text.ADC_ResetCalibration
                0x0000000000008360        0xa ./src/peripheral/stm32f10x_adc.o
                0x0000000000008360                ADC_ResetCalibration
 .text.ADC_GetResetCalibrationStatus
                0x000000000000836a        0x8 ./src/peripheral/stm32f10x_adc.o
                0x000000000000836a                ADC_GetResetCalibrationStatus
 .text.ADC_StartCalibration
                0x0000000000008372        0xa ./src/peripheral/stm32f10x_adc.o
                0x0000000000008372                ADC_StartCalibration
 .text.ADC_GetCalibrationStatus
                0x000000000000837c        0x8 ./src/peripheral/stm32f10x_adc.o
                0x000000000000837c                ADC_GetCalibrationStatus
 .text.ADC_SoftwareStartConvCmd
                0x0000000000008384       0x12 ./src/peripheral/stm32f10x_adc.o
                0x0000000000008384                ADC_SoftwareStartConvCmd
 .text.ADC_RegularChannelConfig
                0x0000000000008396       0x84 ./src/peripheral/stm32f10x_adc.o
                0x0000000000008396                ADC_RegularChannelConfig
 .text.ADC_GetFlagStatus
                0x000000000000841a        0xc ./src/peripheral/stm32f10x_adc.o
                0x000000000000841a                ADC_GetFlagStatus
 .text.DMA_Init
                0x0000000000008426       0x3c ./src/peripheral/stm32f10x_dma.o
                0x0000000000008426                DMA_Init
 .text.DMA_Cmd  0x0000000000008462       0x16 ./src/peripheral/stm32f10x_dma.o
                0x0000000000008462                DMA_Cmd
 .text.EXTI_Init
                0x0000000000008478       0x78 ./src/peripheral/stm32f10x_exti.o
                0x0000000000008478                EXTI_Init
 .text.GPIO_Init
                0x00000000000084f0       0x9c ./src/peripheral/stm32f10x_gpio.o
                0x00000000000084f0                GPIO_Init
 .text.GPIO_WriteBit
                0x000000000000858c        0xa ./src/peripheral/stm32f10x_gpio.o
                0x000000000000858c                GPIO_WriteBit
 .text.GPIO_EXTILineConfig
                0x0000000000008596       0x2a ./src/peripheral/stm32f10x_gpio.o
                0x0000000000008596                GPIO_EXTILineConfig
 .text.RCC_ADCCLKConfig
                0x00000000000085c0       0x14 ./src/peripheral/stm32f10x_rcc.o
                0x00000000000085c0                RCC_ADCCLKConfig
 .text.RCC_AHBPeriphClockCmd
                0x00000000000085d4       0x18 ./src/peripheral/stm32f10x_rcc.o
                0x00000000000085d4                RCC_AHBPeriphClockCmd
 .text.RCC_APB2PeriphClockCmd
                0x00000000000085ec       0x18 ./src/peripheral/stm32f10x_rcc.o
                0x00000000000085ec                RCC_APB2PeriphClockCmd
 .text.RCC_APB1PeriphClockCmd
                0x0000000000008604       0x18 ./src/peripheral/stm32f10x_rcc.o
                0x0000000000008604                RCC_APB1PeriphClockCmd
 .text.TIM_TimeBaseInit
                0x000000000000861c       0x94 ./src/peripheral/stm32f10x_tim.o
                0x000000000000861c                TIM_TimeBaseInit
 .text.TIM_Cmd  0x00000000000086b0       0x18 ./src/peripheral/stm32f10x_tim.o
                0x00000000000086b0                TIM_Cmd
 .text.TIM_ITConfig
                0x00000000000086c8       0x12 ./src/peripheral/stm32f10x_tim.o
                0x00000000000086c8                TIM_ITConfig
 *fill*         0x00000000000086da        0x2 
 .text.hal_setDAC
                0x00000000000086dc       0x60 ./src/hal/currentSink.o
                0x00000000000086dc                hal_setDAC
 .text.hal_currentSinkInit
                0x000000000000873c      0x1d8 ./src/hal/currentSink.o
                0x000000000000873c                hal_currentSinkInit
 .text.hal_setGain
                0x0000000000008914       0x2c ./src/hal/currentSink.o
                0x0000000000008914                hal_setGain
 .text.hal_setVoltageGain
                0x0000000000008940       0x28 ./src/hal/currentSink.o
                0x0000000000008940                hal_setVoltageGain
 .text.hal_getADC
                0x0000000000008968       0x4c ./src/hal/currentSink.o
                0x0000000000008968                hal_getADC
 .text.hal_displayInit
                0x00000000000089b4       0x90 ./src/hal/display.o
                0x00000000000089b4                hal_displayInit
 .text.hal_DisplaySetDatabus
                0x0000000000008a44       0xbc ./src/hal/display.o
                0x0000000000008a44                hal_DisplaySetDatabus
 .text.hal_DisplayCommand
                0x0000000000008b00       0x48 ./src/hal/display.o
                0x0000000000008b00                hal_DisplayCommand
 .text.hal_DisplaySetAddress
                0x0000000000008b48        0xc ./src/hal/display.o
                0x0000000000008b48                hal_DisplaySetAddress
 .text.hal_DisplaySetPage
                0x0000000000008b54        0xc ./src/hal/display.o
                0x0000000000008b54                hal_DisplaySetPage
 .text.hal_DisplayWriteData
                0x0000000000008b60       0x48 ./src/hal/display.o
                0x0000000000008b60                hal_DisplayWriteData
 .text.hal_SelectDisplay1
                0x0000000000008ba8       0x24 ./src/hal/display.o
                0x0000000000008ba8                hal_SelectDisplay1
 .text.hal_SelectDisplay2
                0x0000000000008bcc       0x24 ./src/hal/display.o
                0x0000000000008bcc                hal_SelectDisplay2
 .text.hal_updateDisplay
                0x0000000000008bf0       0x4c ./src/hal/display.o
                0x0000000000008bf0                hal_updateDisplay
 .text.hal_setTriggerOut
                0x0000000000008c3c       0x14 ./src/hal/extTrigger.o
                0x0000000000008c3c                hal_setTriggerOut
 .text.hal_triggerInit
                0x0000000000008c50       0x94 ./src/hal/extTrigger.o
                0x0000000000008c50                hal_triggerInit
 .text.hal_frontPanelInit
                0x0000000000008ce4        0x2 ./src/hal/frontPanel.o
                0x0000000000008ce4                hal_frontPanelInit
 *fill*         0x0000000000008ce6        0x2 
 .text.timer_SetupPeriodicFunction
                0x0000000000008ce8       0xb4 ./src/hal/timer.o
                0x0000000000008ce8                timer_SetupPeriodicFunction
 .text.cal_setCurrent
                0x0000000000008d9c       0x6c ./src/calibration.o
                0x0000000000008d9c                cal_setCurrent
 .text.cal_getVoltage
                0x0000000000008e08       0x70 ./src/calibration.o
                0x0000000000008e08                cal_getVoltage
 .text.load_Init
                0x0000000000008e78       0x20 ./src/loadFunctions.o
                0x0000000000008e78                load_Init
 .text.load_update
                0x0000000000008e98       0x4c ./src/loadFunctions.o
                0x0000000000008e98                load_update
 .text._exit    0x0000000000008ee4        0x2 ./src/main.o
                0x0000000000008ee4                _exit
 *fill*         0x0000000000008ee6        0x2 
 .text          0x0000000000008ee8      0x21c /usr/bin/../lib/gcc/arm-none-eabi/4.9.3/armv7-m/libgcc.a(_arm_addsubsf3.o)
                0x0000000000008ee8                __aeabi_frsub
                0x0000000000008ef0                __subsf3
                0x0000000000008ef0                __aeabi_fsub
                0x0000000000008ef4                __aeabi_fadd
                0x0000000000008ef4                __addsf3
                0x0000000000009054                __aeabi_ui2f
                0x0000000000009054                __floatunsisf
                0x000000000000905c                __aeabi_i2f
                0x000000000000905c                __floatsisf
                0x0000000000009078                __floatundisf
                0x0000000000009078                __aeabi_ul2f
                0x0000000000009088                __floatdisf
                0x0000000000009088                __aeabi_l2f
 .text          0x0000000000009104      0x2a0 /usr/bin/../lib/gcc/arm-none-eabi/4.9.3/armv7-m/libgcc.a(_arm_muldivsf3.o)
                0x0000000000009104                __mulsf3
                0x0000000000009104                __aeabi_fmul
                0x000000000000926c                __divsf3
                0x000000000000926c                __aeabi_fdiv
 .text          0x00000000000093a4       0x4c /usr/bin/../lib/gcc/arm-none-eabi/4.9.3/armv7-m/libgcc.a(_arm_fixsfsi.o)
                0x00000000000093a4                __fixsfsi
                0x00000000000093a4                __aeabi_f2iz
 .text.__libc_init_array
                0x00000000000093f0       0x50 /usr/bin/../lib/gcc/arm-none-eabi/4.9.3/../../../../arm-none-eabi/lib/armv7-m/libg.a(lib_a-init.o)
                0x00000000000093f0                __libc_init_array
 .text.memset   0x0000000000009440       0x9c /usr/bin/../lib/gcc/arm-none-eabi/4.9.3/../../../../arm-none-eabi/lib/armv7-m/libg.a(lib_a-memset.o)
                0x0000000000009440                memset
 .text.__call_exitprocs
                0x00000000000094dc       0xd4 /usr/bin/../lib/gcc/arm-none-eabi/4.9.3/../../../../arm-none-eabi/lib/armv7-m/libg.a(lib_a-__call_atexit.o)
                0x00000000000094dc                __call_exitprocs
 .text.atexit   0x00000000000095b0        0xc /usr/bin/../lib/gcc/arm-none-eabi/4.9.3/../../../../arm-none-eabi/lib/armv7-m/libg.a(lib_a-atexit.o)
                0x00000000000095b0                atexit
 .text.__libc_fini_array
                0x00000000000095bc       0x2c /usr/bin/../lib/gcc/arm-none-eabi/4.9.3/../../../../arm-none-eabi/lib/armv7-m/libg.a(lib_a-fini.o)
                0x00000000000095bc                __libc_fini_array
 .text.__register_exitproc
                0x00000000000095e8       0xa4 /usr/bin/../lib/gcc/arm-none-eabi/4.9.3/../../../../arm-none-eabi/lib/armv7-m/libg.a(lib_a-__atexit.o)
                0x00000000000095e8                __register_exitproc
 *(.gnu.warning)
 *(.glue_7t)
 .glue_7t       0x0000000000000000        0x0 linker stubs
 *(.glue_7)
 .glue_7        0x0000000000000000        0x0 linker stubs
 *(.vfp11_veneer)
 .vfp11_veneer  0x0000000000000000        0x0 linker stubs
 *(.v4_bx)
 .v4_bx         0x0000000000000000        0x0 linker stubs

.fini           0x000000000000968c        0xc
 *(SORT(.fini))
 .fini          0x000000000000968c        0x4 /usr/bin/../lib/gcc/arm-none-eabi/4.9.3/armv7-m/crti.o
                0x000000000000968c                _fini
 .fini          0x0000000000009690        0x8 /usr/bin/../lib/gcc/arm-none-eabi/4.9.3/armv7-m/crtn.o
                0x0000000000009698                PROVIDE (__etext, .)
                0x0000000000009698                PROVIDE (_etext, .)
                0x0000000000009698                PROVIDE (etext, .)

.rodata         0x0000000000009698        0x8
 *(.rodata .rodata.* .gnu.linkonce.r.*)
 .rodata.str1.4
                0x0000000000009698        0x4 /usr/bin/../lib/gcc/arm-none-eabi/4.9.3/../../../../arm-none-eabi/lib/armv7-m/libg.a(lib_a-impure.o)
                                          0x2 (size before relaxing)
 .rodata._global_impure_ptr
                0x000000000000969c        0x4 /usr/bin/../lib/gcc/arm-none-eabi/4.9.3/../../../../arm-none-eabi/lib/armv7-m/libg.a(lib_a-impure.o)
                0x000000000000969c                _global_impure_ptr

.rodata1
 *(.rodata1)

.ARM.extab
 *(.ARM.extab* .gnu.linkonce.armextab.*)
                0x00000000000096a0                PROVIDE (__exidx_start, .)

.ARM.exidx      0x00000000000096a0        0x8
 *(.ARM.exidx* .gnu.linkonce.armexidx.*)
 .ARM.exidx     0x00000000000096a0        0x8 /usr/bin/../lib/gcc/arm-none-eabi/4.9.3/../../../../arm-none-eabi/lib/armv7-m/crt0.o
                0x00000000000096a8                PROVIDE (__exidx_end, .)

.eh_frame_hdr
 *(.eh_frame_hdr)

.eh_frame       0x00000000000096a8        0x4
 *(.eh_frame)
 .eh_frame      0x00000000000096a8        0x0 /usr/bin/../lib/gcc/arm-none-eabi/4.9.3/armv7-m/crtbegin.o
 .eh_frame      0x00000000000096a8        0x4 /usr/bin/../lib/gcc/arm-none-eabi/4.9.3/armv7-m/crtend.o

.gcc_except_table
 *(.gcc_except_table .gcc_except_table.*)

.exception_ranges
 *(.exception_ranges .exception_ranges*)
                0x00000000000116ac                . = (ALIGN (0x8000) + (. & 0x7fff))

.eh_frame
 *(.eh_frame)

.gcc_except_table
 *(.gcc_except_table .gcc_except_table.*)

.exception_ranges
 *(.exception_ranges .exception_ranges*)

.tdata
 *(.tdata .tdata.* .gnu.linkonce.td.*)

.tbss
 *(.tbss .tbss.* .gnu.linkonce.tb.*)
 *(.tcommon)

.preinit_array  0x00000000000116ac        0x0
                0x00000000000116ac                PROVIDE (__preinit_array_start, .)
 *(.preinit_array)
                0x00000000000116ac                PROVIDE (__preinit_array_end, .)

.init_array     0x00000000000116ac        0x8
                0x00000000000116ac                PROVIDE (__init_array_start, .)
 *(SORT(.init_array.*))
 .init_array.00000
                0x00000000000116ac        0x4 /usr/bin/../lib/gcc/arm-none-eabi/4.9.3/../../../../arm-none-eabi/lib/armv7-m/libg.a(lib_a-__call_atexit.o)
 *(.init_array)
 .init_array    0x00000000000116b0        0x4 /usr/bin/../lib/gcc/arm-none-eabi/4.9.3/armv7-m/crtbegin.o
                0x00000000000116b4                PROVIDE (__init_array_end, .)

.fini_array     0x00000000000116b4        0x4
                0x00000000000116b4                PROVIDE (__fini_array_start, .)
 *(SORT(.fini_array.*))
 *(.fini_array)
 .fini_array    0x00000000000116b4        0x4 /usr/bin/../lib/gcc/arm-none-eabi/4.9.3/armv7-m/crtbegin.o
                0x00000000000116b8                PROVIDE (__fini_array_end, .)

.ctors
 *crtbegin.o(.ctors)
 *crtbegin?.o(.ctors)
 *(EXCLUDE_FILE(*crtend?.o *crtend.o) .ctors)
 *(SORT(.ctors.*))
 *(.ctors)

.dtors
 *crtbegin.o(.dtors)
 *crtbegin?.o(.dtors)
 *(EXCLUDE_FILE(*crtend?.o *crtend.o) .dtors)
 *(SORT(.dtors.*))
 *(.dtors)

.jcr            0x00000000000116b8        0x4
 *(.jcr)
 .jcr           0x00000000000116b8        0x0 /usr/bin/../lib/gcc/arm-none-eabi/4.9.3/armv7-m/crtbegin.o
 .jcr           0x00000000000116b8        0x4 /usr/bin/../lib/gcc/arm-none-eabi/4.9.3/armv7-m/crtend.o

.data.rel.ro
 *(.data.rel.ro.local* .gnu.linkonce.d.rel.ro.local.*)
 *(.data.rel.ro .data.rel.ro.* .gnu.linkonce.d.rel.ro.*)

.dynamic
 *(.dynamic)

.got            0x00000000000116bc        0x0
 *(.got.plt)
 *(.igot.plt)
 .igot.plt      0x0000000000000000        0x0 /usr/bin/../lib/gcc/arm-none-eabi/4.9.3/armv7-m/crtbegin.o
 *(.got)
 *(.igot)

.data           0x00000000000116c0      0x428
                0x00000000000116c0                __data_start = .
 *(.data .data.* .gnu.linkonce.d.*)
 .data.impure_data
                0x00000000000116c0      0x428 /usr/bin/../lib/gcc/arm-none-eabi/4.9.3/../../../../arm-none-eabi/lib/armv7-m/libg.a(lib_a-impure.o)

.data1
 *(.data1)
                0x0000000000011ae8                _edata = .
                0x0000000000011ae8                PROVIDE (edata, .)
                0x0000000000011ae8                . = .
                0x0000000000011ae8                __bss_start = .
                0x0000000000011ae8                __bss_start__ = .

.bss            0x0000000000011ae8      0x4a8
 *(.dynbss)
 *(.bss .bss.* .gnu.linkonce.b.*)
 .bss           0x0000000000011ae8       0x1c /usr/bin/../lib/gcc/arm-none-eabi/4.9.3/armv7-m/crtbegin.o
 *(COMMON)
 COMMON         0x0000000000011b04        0xc ./src/hal/currentSink.o
                0x0000000000011b04                hal
 COMMON         0x0000000000011b10      0x42a ./src/hal/display.o
                0x0000000000011b10                display
 *fill*         0x0000000000011f3a        0x2 
 COMMON         0x0000000000011f3c        0x4 ./src/hal/extTrigger.o
                0x0000000000011f3c                trigger
 COMMON         0x0000000000011f40        0xc ./src/hal/timer.o
                0x0000000000011f40                timer
 COMMON         0x0000000000011f4c       0x30 ./src/calibration.o
                0x0000000000011f4c                calibration
 COMMON         0x0000000000011f7c       0x14 ./src/loadFunctions.o
                0x0000000000011f7c                loadFunctions
                0x0000000000011f90                . = ALIGN ((. != 0x0)?0x4:0x1)
                0x0000000000011f90                _bss_end__ = .
                0x0000000000011f90                __bss_end__ = .
                0x0000000000011f90                . = ALIGN (0x4)
                0x0000000000011f90                . = SEGMENT_START ("ldata-segment", .)
                0x0000000000011f90                . = ALIGN (0x4)
                0x0000000000011f90                __end__ = .
                0x0000000000011f90                _end = .
                0x0000000000011f90                PROVIDE (end, .)

.stab
 *(.stab)

.stabstr
 *(.stabstr)

.stab.excl
 *(.stab.excl)

.stab.exclstr
 *(.stab.exclstr)

.stab.index
 *(.stab.index)

.stab.indexstr
 *(.stab.indexstr)

.comment        0x0000000000000000       0x70
 *(.comment)
 .comment       0x0000000000000000       0x70 ./src/system/core_cm3.o
                                         0x71 (size before relaxing)
 .comment       0x0000000000000000       0x71 ./src/system/system_stm32f10x.o
 .comment       0x0000000000000000       0x71 ./src/peripheral/misc.o
 .comment       0x0000000000000000       0x71 ./src/peripheral/stm32f10x_adc.o
 .comment       0x0000000000000000       0x71 ./src/peripheral/stm32f10x_bkp.o
 .comment       0x0000000000000000       0x71 ./src/peripheral/stm32f10x_can.o
 .comment       0x0000000000000000       0x71 ./src/peripheral/stm32f10x_cec.o
 .comment       0x0000000000000000       0x71 ./src/peripheral/stm32f10x_crc.o
 .comment       0x0000000000000000       0x71 ./src/peripheral/stm32f10x_dac.o
 .comment       0x0000000000000000       0x71 ./src/peripheral/stm32f10x_dbgmcu.o
 .comment       0x0000000000000000       0x71 ./src/peripheral/stm32f10x_dma.o
 .comment       0x0000000000000000       0x71 ./src/peripheral/stm32f10x_exti.o
 .comment       0x0000000000000000       0x71 ./src/peripheral/stm32f10x_flash.o
 .comment       0x0000000000000000       0x71 ./src/peripheral/stm32f10x_fsmc.o
 .comment       0x0000000000000000       0x71 ./src/peripheral/stm32f10x_gpio.o
 .comment       0x0000000000000000       0x71 ./src/peripheral/stm32f10x_i2c.o
 .comment       0x0000000000000000       0x71 ./src/peripheral/stm32f10x_iwdg.o
 .comment       0x0000000000000000       0x71 ./src/peripheral/stm32f10x_pwr.o
 .comment       0x0000000000000000       0x71 ./src/peripheral/stm32f10x_rcc.o
 .comment       0x0000000000000000       0x71 ./src/peripheral/stm32f10x_rtc.o
 .comment       0x0000000000000000       0x71 ./src/peripheral/stm32f10x_sdio.o
 .comment       0x0000000000000000       0x71 ./src/peripheral/stm32f10x_spi.o
 .comment       0x0000000000000000       0x71 ./src/peripheral/stm32f10x_tim.o
 .comment       0x0000000000000000       0x71 ./src/peripheral/stm32f10x_usart.o
 .comment       0x0000000000000000       0x71 ./src/peripheral/stm32f10x_wwdg.o
 .comment       0x0000000000000000       0x71 ./src/hal/currentSink.o
 .comment       0x0000000000000000       0x71 ./src/hal/display.o
 .comment       0x0000000000000000       0x71 ./src/hal/extTrigger.o
 .comment       0x0000000000000000       0x71 ./src/hal/frontPanel.o
 .comment       0x0000000000000000       0x71 ./src/hal/timer.o
 .comment       0x0000000000000000       0x71 ./src/calibration.o
 .comment       0x0000000000000000       0x71 ./src/displayRoutines.o
 .comment       0x0000000000000000       0x71 ./src/loadFunctions.o
 .comment       0x0000000000000000       0x71 ./src/main.o
 .comment       0x0000000000000000       0x71 ./src/string.o

.debug
 *(.debug)

.line
 *(.line)

.debug_srcinfo
 *(.debug_srcinfo)

.debug_sfnames
 *(.debug_sfnames)

.debug_aranges  0x0000000000000000     0x1480
 *(.debug_aranges)
 .debug_aranges
                0x0000000000000000       0xc8 ./src/system/core_cm3.o
 .debug_aranges
                0x00000000000000c8       0x28 ./src/system/startup_stm32f10x_md.o
 .debug_aranges
                0x00000000000000f0       0x28 ./src/system/system_stm32f10x.o
 .debug_aranges
                0x0000000000000118       0x40 ./src/peripheral/misc.o
 .debug_aranges
                0x0000000000000158      0x138 ./src/peripheral/stm32f10x_adc.o
 .debug_aranges
                0x0000000000000290       0x78 ./src/peripheral/stm32f10x_bkp.o
 .debug_aranges
                0x0000000000000308       0xd8 ./src/peripheral/stm32f10x_can.o
 .debug_aranges
                0x00000000000003e0       0x88 ./src/peripheral/stm32f10x_cec.o
 .debug_aranges
                0x0000000000000468       0x48 ./src/peripheral/stm32f10x_crc.o
 .debug_aranges
                0x00000000000004b0       0x78 ./src/peripheral/stm32f10x_dac.o
 .debug_aranges
                0x0000000000000528       0x30 ./src/peripheral/stm32f10x_dbgmcu.o
 .debug_aranges
                0x0000000000000558       0x70 ./src/peripheral/stm32f10x_dma.o
 .debug_aranges
                0x00000000000005c8       0x58 ./src/peripheral/stm32f10x_exti.o
 .debug_aranges
                0x0000000000000620       0xf8 ./src/peripheral/stm32f10x_flash.o
 .debug_aranges
                0x0000000000000718       0xb0 ./src/peripheral/stm32f10x_fsmc.o
 .debug_aranges
                0x00000000000007c8       0xa8 ./src/peripheral/stm32f10x_gpio.o
 .debug_aranges
                0x0000000000000870      0x120 ./src/peripheral/stm32f10x_i2c.o
 .debug_aranges
                0x0000000000000990       0x48 ./src/peripheral/stm32f10x_iwdg.o
 .debug_aranges
                0x00000000000009d8       0x60 ./src/peripheral/stm32f10x_pwr.o
 .debug_aranges
                0x0000000000000a38      0x118 ./src/peripheral/stm32f10x_rcc.o
 .debug_aranges
                0x0000000000000b50       0x88 ./src/peripheral/stm32f10x_rtc.o
 .debug_aranges
                0x0000000000000bd8      0x108 ./src/peripheral/stm32f10x_sdio.o
 .debug_aranges
                0x0000000000000ce0       0xd0 ./src/peripheral/stm32f10x_spi.o
 .debug_aranges
                0x0000000000000db0      0x2e0 ./src/peripheral/stm32f10x_tim.o
 .debug_aranges
                0x0000000000001090      0x100 ./src/peripheral/stm32f10x_usart.o
 .debug_aranges
                0x0000000000001190       0x58 ./src/peripheral/stm32f10x_wwdg.o
 .debug_aranges
                0x00000000000011e8       0x50 ./src/hal/currentSink.o
 .debug_aranges
                0x0000000000001238       0x78 ./src/hal/display.o
 .debug_aranges
                0x00000000000012b0       0x38 ./src/hal/extTrigger.o
 .debug_aranges
                0x00000000000012e8       0x30 ./src/hal/frontPanel.o
 .debug_aranges
                0x0000000000001318       0x38 ./src/hal/timer.o
 .debug_aranges
                0x0000000000001350       0x48 ./src/calibration.o
 .debug_aranges
                0x0000000000001398       0x58 ./src/displayRoutines.o
 .debug_aranges
                0x00000000000013f0       0x48 ./src/loadFunctions.o
 .debug_aranges
                0x0000000000001438       0x28 ./src/main.o
 .debug_aranges
                0x0000000000001460       0x20 ./src/string.o

.debug_pubnames
 *(.debug_pubnames)

.debug_info     0x0000000000000000    0x104ca
 *(.debug_info .gnu.linkonce.wi.*)
 .debug_info    0x0000000000000000      0x540 ./src/system/core_cm3.o
 .debug_info    0x0000000000000540       0x8e ./src/system/startup_stm32f10x_md.o
 .debug_info    0x00000000000005ce      0x460 ./src/system/system_stm32f10x.o
 .debug_info    0x0000000000000a2e      0x4f1 ./src/peripheral/misc.o
 .debug_info    0x0000000000000f1f      0xbdb ./src/peripheral/stm32f10x_adc.o
 .debug_info    0x0000000000001afa      0x7c2 ./src/peripheral/stm32f10x_bkp.o
 .debug_info    0x00000000000022bc      0xc78 ./src/peripheral/stm32f10x_can.o
 .debug_info    0x0000000000002f34      0x457 ./src/peripheral/stm32f10x_cec.o
 .debug_info    0x000000000000338b      0x1f9 ./src/peripheral/stm32f10x_crc.o
 .debug_info    0x0000000000003584      0x4e9 ./src/peripheral/stm32f10x_dac.o
 .debug_info    0x0000000000003a6d      0x14c ./src/peripheral/stm32f10x_dbgmcu.o
 .debug_info    0x0000000000003bb9      0x45e ./src/peripheral/stm32f10x_dma.o
 .debug_info    0x0000000000004017      0x332 ./src/peripheral/stm32f10x_exti.o
 .debug_info    0x0000000000004349      0xa0d ./src/peripheral/stm32f10x_flash.o
 .debug_info    0x0000000000004d56      0x8ed ./src/peripheral/stm32f10x_fsmc.o
 .debug_info    0x0000000000005643      0x7dd ./src/peripheral/stm32f10x_gpio.o
 .debug_info    0x0000000000005e20      0xb66 ./src/peripheral/stm32f10x_i2c.o
 .debug_info    0x0000000000006986      0x1f7 ./src/peripheral/stm32f10x_iwdg.o
 .debug_info    0x0000000000006b7d      0x48c ./src/peripheral/stm32f10x_pwr.o
 .debug_info    0x0000000000007009      0x8af ./src/peripheral/stm32f10x_rcc.o
 .debug_info    0x00000000000078b8      0x463 ./src/peripheral/stm32f10x_rtc.o
 .debug_info    0x0000000000007d1b      0x7d3 ./src/peripheral/stm32f10x_sdio.o
 .debug_info    0x00000000000084ee      0x9aa ./src/peripheral/stm32f10x_spi.o
 .debug_info    0x0000000000008e98     0x20b0 ./src/peripheral/stm32f10x_tim.o
 .debug_info    0x000000000000af48      0xad5 ./src/peripheral/stm32f10x_usart.o
 .debug_info    0x000000000000ba1d      0x275 ./src/peripheral/stm32f10x_wwdg.o
 .debug_info    0x000000000000bc92      0xd1b ./src/hal/currentSink.o
 .debug_info    0x000000000000c9ad      0x87e ./src/hal/display.o
 .debug_info    0x000000000000d22b      0x702 ./src/hal/extTrigger.o
 .debug_info    0x000000000000d92d      0x149 ./src/hal/frontPanel.o
 .debug_info    0x000000000000da76      0x7d2 ./src/hal/timer.o
 .debug_info    0x000000000000e248      0xcec ./src/calibration.o
 .debug_info    0x000000000000ef34      0x731 ./src/displayRoutines.o
 .debug_info    0x000000000000f665      0x400 ./src/loadFunctions.o
 .debug_info    0x000000000000fa65      0x945 ./src/main.o
 .debug_info    0x00000000000103aa      0x120 ./src/string.o

.debug_abbrev   0x0000000000000000     0x3bfd
 *(.debug_abbrev)
 .debug_abbrev  0x0000000000000000       0xbd ./src/system/core_cm3.o
 .debug_abbrev  0x00000000000000bd       0x12 ./src/system/startup_stm32f10x_md.o
 .debug_abbrev  0x00000000000000cf      0x199 ./src/system/system_stm32f10x.o
 .debug_abbrev  0x0000000000000268      0x165 ./src/peripheral/misc.o
 .debug_abbrev  0x00000000000003cd      0x1dd ./src/peripheral/stm32f10x_adc.o
 .debug_abbrev  0x00000000000005aa      0x19b ./src/peripheral/stm32f10x_bkp.o
 .debug_abbrev  0x0000000000000745      0x29c ./src/peripheral/stm32f10x_can.o
 .debug_abbrev  0x00000000000009e1      0x1e6 ./src/peripheral/stm32f10x_cec.o
 .debug_abbrev  0x0000000000000bc7      0x125 ./src/peripheral/stm32f10x_crc.o
 .debug_abbrev  0x0000000000000cec      0x1c9 ./src/peripheral/stm32f10x_dac.o
 .debug_abbrev  0x0000000000000eb5       0xef ./src/peripheral/stm32f10x_dbgmcu.o
 .debug_abbrev  0x0000000000000fa4      0x166 ./src/peripheral/stm32f10x_dma.o
 .debug_abbrev  0x000000000000110a      0x162 ./src/peripheral/stm32f10x_exti.o
 .debug_abbrev  0x000000000000126c      0x1fc ./src/peripheral/stm32f10x_flash.o
 .debug_abbrev  0x0000000000001468      0x190 ./src/peripheral/stm32f10x_fsmc.o
 .debug_abbrev  0x00000000000015f8      0x1f5 ./src/peripheral/stm32f10x_gpio.o
 .debug_abbrev  0x00000000000017ed      0x1df ./src/peripheral/stm32f10x_i2c.o
 .debug_abbrev  0x00000000000019cc      0x112 ./src/peripheral/stm32f10x_iwdg.o
 .debug_abbrev  0x0000000000001ade      0x1d1 ./src/peripheral/stm32f10x_pwr.o
 .debug_abbrev  0x0000000000001caf      0x1e2 ./src/peripheral/stm32f10x_rcc.o
 .debug_abbrev  0x0000000000001e91      0x19d ./src/peripheral/stm32f10x_rtc.o
 .debug_abbrev  0x000000000000202e      0x1cf ./src/peripheral/stm32f10x_sdio.o
 .debug_abbrev  0x00000000000021fd      0x1fc ./src/peripheral/stm32f10x_spi.o
 .debug_abbrev  0x00000000000023f9      0x2cd ./src/peripheral/stm32f10x_tim.o
 .debug_abbrev  0x00000000000026c6      0x1fa ./src/peripheral/stm32f10x_usart.o
 .debug_abbrev  0x00000000000028c0      0x14f ./src/peripheral/stm32f10x_wwdg.o
 .debug_abbrev  0x0000000000002a0f      0x212 ./src/hal/currentSink.o
 .debug_abbrev  0x0000000000002c21      0x1f4 ./src/hal/display.o
 .debug_abbrev  0x0000000000002e15      0x219 ./src/hal/extTrigger.o
 .debug_abbrev  0x000000000000302e       0x7f ./src/hal/frontPanel.o
 .debug_abbrev  0x00000000000030ad      0x1ef ./src/hal/timer.o
 .debug_abbrev  0x000000000000329c      0x251 ./src/calibration.o
 .debug_abbrev  0x00000000000034ed      0x25d ./src/displayRoutines.o
 .debug_abbrev  0x000000000000374a      0x16e ./src/loadFunctions.o
 .debug_abbrev  0x00000000000038b8      0x29b ./src/main.o
 .debug_abbrev  0x0000000000003b53       0xaa ./src/string.o

.debug_line     0x0000000000000000     0x6432
 *(.debug_line .debug_line.* .debug_line_end)
 .debug_line    0x0000000000000000      0x22c ./src/system/core_cm3.o
 .debug_line    0x000000000000022c       0x80 ./src/system/startup_stm32f10x_md.o
 .debug_line    0x00000000000002ac      0x122 ./src/system/system_stm32f10x.o
 .debug_line    0x00000000000003ce      0x180 ./src/peripheral/misc.o
 .debug_line    0x000000000000054e      0x4a5 ./src/peripheral/stm32f10x_adc.o
 .debug_line    0x00000000000009f3      0x247 ./src/peripheral/stm32f10x_bkp.o
 .debug_line    0x0000000000000c3a      0x4ca ./src/peripheral/stm32f10x_can.o
 .debug_line    0x0000000000001104      0x2a4 ./src/peripheral/stm32f10x_cec.o
 .debug_line    0x00000000000013a8      0x17f ./src/peripheral/stm32f10x_crc.o
 .debug_line    0x0000000000001527      0x27c ./src/peripheral/stm32f10x_dac.o
 .debug_line    0x00000000000017a3      0x145 ./src/peripheral/stm32f10x_dbgmcu.o
 .debug_line    0x00000000000018e8      0x236 ./src/peripheral/stm32f10x_dma.o
 .debug_line    0x0000000000001b1e      0x1e6 ./src/peripheral/stm32f10x_exti.o
 .debug_line    0x0000000000001d04      0x434 ./src/peripheral/stm32f10x_flash.o
 .debug_line    0x0000000000002138      0x39a ./src/peripheral/stm32f10x_fsmc.o
 .debug_line    0x00000000000024d2      0x347 ./src/peripheral/stm32f10x_gpio.o
 .debug_line    0x0000000000002819      0x490 ./src/peripheral/stm32f10x_i2c.o
 .debug_line    0x0000000000002ca9      0x174 ./src/peripheral/stm32f10x_iwdg.o
 .debug_line    0x0000000000002e1d      0x22b ./src/peripheral/stm32f10x_pwr.o
 .debug_line    0x0000000000003048      0x3c8 ./src/peripheral/stm32f10x_rcc.o
 .debug_line    0x0000000000003410      0x234 ./src/peripheral/stm32f10x_rtc.o
 .debug_line    0x0000000000003644      0x378 ./src/peripheral/stm32f10x_sdio.o
 .debug_line    0x00000000000039bc      0x3c0 ./src/peripheral/stm32f10x_spi.o
 .debug_line    0x0000000000003d7c      0xad2 ./src/peripheral/stm32f10x_tim.o
 .debug_line    0x000000000000484e      0x439 ./src/peripheral/stm32f10x_usart.o
 .debug_line    0x0000000000004c87      0x200 ./src/peripheral/stm32f10x_wwdg.o
 .debug_line    0x0000000000004e87      0x2e4 ./src/hal/currentSink.o
 .debug_line    0x000000000000516b      0x356 ./src/hal/display.o
 .debug_line    0x00000000000054c1      0x20e ./src/hal/extTrigger.o
 .debug_line    0x00000000000056cf       0xd6 ./src/hal/frontPanel.o
 .debug_line    0x00000000000057a5      0x1fa ./src/hal/timer.o
 .debug_line    0x000000000000599f      0x313 ./src/calibration.o
 .debug_line    0x0000000000005cb2      0x259 ./src/displayRoutines.o
 .debug_line    0x0000000000005f0b      0x1f7 ./src/loadFunctions.o
 .debug_line    0x0000000000006102      0x272 ./src/main.o
 .debug_line    0x0000000000006374       0xbe ./src/string.o

.debug_frame    0x0000000000000000     0x2bbc
 *(.debug_frame)
 .debug_frame   0x0000000000000000      0x170 ./src/system/core_cm3.o
 .debug_frame   0x0000000000000170       0x3c ./src/system/system_stm32f10x.o
 .debug_frame   0x00000000000001ac       0x68 ./src/peripheral/misc.o
 .debug_frame   0x0000000000000214      0x290 ./src/peripheral/stm32f10x_adc.o
 .debug_frame   0x00000000000004a4       0xec ./src/peripheral/stm32f10x_bkp.o
 .debug_frame   0x0000000000000590      0x1c4 ./src/peripheral/stm32f10x_can.o
 .debug_frame   0x0000000000000754      0x104 ./src/peripheral/stm32f10x_cec.o
 .debug_frame   0x0000000000000858       0x70 ./src/peripheral/stm32f10x_crc.o
 .debug_frame   0x00000000000008c8      0x100 ./src/peripheral/stm32f10x_dac.o
 .debug_frame   0x00000000000009c8       0x40 ./src/peripheral/stm32f10x_dbgmcu.o
 .debug_frame   0x0000000000000a08       0xc8 ./src/peripheral/stm32f10x_dma.o
 .debug_frame   0x0000000000000ad0       0x9c ./src/peripheral/stm32f10x_exti.o
 .debug_frame   0x0000000000000b6c      0x254 ./src/peripheral/stm32f10x_flash.o
 .debug_frame   0x0000000000000dc0      0x168 ./src/peripheral/stm32f10x_fsmc.o
 .debug_frame   0x0000000000000f28      0x170 ./src/peripheral/stm32f10x_gpio.o
 .debug_frame   0x0000000000001098      0x258 ./src/peripheral/stm32f10x_i2c.o
 .debug_frame   0x00000000000012f0       0x70 ./src/peripheral/stm32f10x_iwdg.o
 .debug_frame   0x0000000000001360       0xac ./src/peripheral/stm32f10x_pwr.o
 .debug_frame   0x000000000000140c      0x220 ./src/peripheral/stm32f10x_rcc.o
 .debug_frame   0x000000000000162c      0x114 ./src/peripheral/stm32f10x_rtc.o
 .debug_frame   0x0000000000001740      0x210 ./src/peripheral/stm32f10x_sdio.o
 .debug_frame   0x0000000000001950      0x1bc ./src/peripheral/stm32f10x_spi.o
 .debug_frame   0x0000000000001b0c      0x6ac ./src/peripheral/stm32f10x_tim.o
 .debug_frame   0x00000000000021b8      0x224 ./src/peripheral/stm32f10x_usart.o
 .debug_frame   0x00000000000023dc       0xa4 ./src/peripheral/stm32f10x_wwdg.o
 .debug_frame   0x0000000000002480       0xdc ./src/hal/currentSink.o
 .debug_frame   0x000000000000255c      0x12c ./src/hal/display.o
 .debug_frame   0x0000000000002688       0x74 ./src/hal/extTrigger.o
 .debug_frame   0x00000000000026fc       0x40 ./src/hal/frontPanel.o
 .debug_frame   0x000000000000273c       0x94 ./src/hal/timer.o
 .debug_frame   0x00000000000027d0       0xc8 ./src/calibration.o
 .debug_frame   0x0000000000002898       0xe0 ./src/displayRoutines.o
 .debug_frame   0x0000000000002978       0x7c ./src/loadFunctions.o
 .debug_frame   0x00000000000029f4       0x38 ./src/main.o
 .debug_frame   0x0000000000002a2c       0x30 ./src/string.o
 .debug_frame   0x0000000000002a5c       0x28 /usr/bin/../lib/gcc/arm-none-eabi/4.9.3/../../../../arm-none-eabi/lib/armv7-m/libg.a(lib_a-exit.o)
 .debug_frame   0x0000000000002a84       0x2c /usr/bin/../lib/gcc/arm-none-eabi/4.9.3/../../../../arm-none-eabi/lib/armv7-m/libg.a(lib_a-init.o)
 .debug_frame   0x0000000000002ab0       0x34 /usr/bin/../lib/gcc/arm-none-eabi/4.9.3/../../../../arm-none-eabi/lib/armv7-m/libg.a(lib_a-memset.o)
 .debug_frame   0x0000000000002ae4       0x50 /usr/bin/../lib/gcc/arm-none-eabi/4.9.3/../../../../arm-none-eabi/lib/armv7-m/libg.a(lib_a-__call_atexit.o)
 .debug_frame   0x0000000000002b34       0x20 /usr/bin/../lib/gcc/arm-none-eabi/4.9.3/../../../../arm-none-eabi/lib/armv7-m/libg.a(lib_a-atexit.o)
 .debug_frame   0x0000000000002b54       0x34 /usr/bin/../lib/gcc/arm-none-eabi/4.9.3/../../../../arm-none-eabi/lib/armv7-m/libg.a(lib_a-fini.o)
 .debug_frame   0x0000000000002b88       0x34 /usr/bin/../lib/gcc/arm-none-eabi/4.9.3/../../../../arm-none-eabi/lib/armv7-m/libg.a(lib_a-__atexit.o)

.debug_str      0x0000000000000000     0x570c
 *(.debug_str)
 .debug_str     0x0000000000000000      0x2d3 ./src/system/core_cm3.o
                                        0x331 (size before relaxing)
 .debug_str     0x00000000000002d3      0x15b ./src/system/system_stm32f10x.o
                                        0x334 (size before relaxing)
 .debug_str     0x000000000000042e      0x1f9 ./src/peripheral/misc.o
                                        0x410 (size before relaxing)
 .debug_str     0x0000000000000627      0x538 ./src/peripheral/stm32f10x_adc.o
                                        0x76a (size before relaxing)
 .debug_str     0x0000000000000b5f      0x3be ./src/peripheral/stm32f10x_bkp.o
                                        0x620 (size before relaxing)
 .debug_str     0x0000000000000f1d      0x522 ./src/peripheral/stm32f10x_can.o
                                        0x79d (size before relaxing)
 .debug_str     0x000000000000143f      0x193 ./src/peripheral/stm32f10x_cec.o
                                        0x3e5 (size before relaxing)
 .debug_str     0x00000000000015d2       0xa9 ./src/peripheral/stm32f10x_crc.o
                                        0x293 (size before relaxing)
 .debug_str     0x000000000000167b      0x1f9 ./src/peripheral/stm32f10x_dac.o
                                        0x41e (size before relaxing)
 .debug_str     0x0000000000001874       0x77 ./src/peripheral/stm32f10x_dbgmcu.o
                                        0x24a (size before relaxing)
 .debug_str     0x00000000000018eb      0x1fd ./src/peripheral/stm32f10x_dma.o
                                        0x40f (size before relaxing)
 .debug_str     0x0000000000001ae8      0x1a6 ./src/peripheral/stm32f10x_exti.o
                                        0x3a1 (size before relaxing)
 .debug_str     0x0000000000001c8e      0x3e2 ./src/peripheral/stm32f10x_flash.o
                                        0x640 (size before relaxing)
 .debug_str     0x0000000000002070      0x5b4 ./src/peripheral/stm32f10x_fsmc.o
                                        0x7d2 (size before relaxing)
 .debug_str     0x0000000000002624      0x35d ./src/peripheral/stm32f10x_gpio.o
                                        0x588 (size before relaxing)
 .debug_str     0x0000000000002981      0x42a ./src/peripheral/stm32f10x_i2c.o
                                        0x6e7 (size before relaxing)
 .debug_str     0x0000000000002dab       0xc1 ./src/peripheral/stm32f10x_iwdg.o
                                        0x2b4 (size before relaxing)
 .debug_str     0x0000000000002e6c      0x101 ./src/peripheral/stm32f10x_pwr.o
                                        0x381 (size before relaxing)
 .debug_str     0x0000000000002f6d      0x2f9 ./src/peripheral/stm32f10x_rcc.o
                                        0x672 (size before relaxing)
 .debug_str     0x0000000000003266      0x179 ./src/peripheral/stm32f10x_rtc.o
                                        0x3fa (size before relaxing)
 .debug_str     0x00000000000033df      0x45a ./src/peripheral/stm32f10x_sdio.o
                                        0x688 (size before relaxing)
 .debug_str     0x0000000000003839      0x34a ./src/peripheral/stm32f10x_spi.o
                                        0x695 (size before relaxing)
 .debug_str     0x0000000000003b83      0xadb ./src/peripheral/stm32f10x_tim.o
                                        0xe63 (size before relaxing)
 .debug_str     0x000000000000465e      0x409 ./src/peripheral/stm32f10x_usart.o
                                        0x728 (size before relaxing)
 .debug_str     0x0000000000004a67       0xbd ./src/peripheral/stm32f10x_wwdg.o
                                        0x2dc (size before relaxing)
 .debug_str     0x0000000000004b24       0xdd ./src/hal/currentSink.o
                                        0x6e9 (size before relaxing)
 .debug_str     0x0000000000004c01      0x12c ./src/hal/display.o
                                        0x4df (size before relaxing)
 .debug_str     0x0000000000004d2d      0x374 ./src/hal/extTrigger.o
                                        0x87e (size before relaxing)
 .debug_str     0x00000000000050a1      0x125 ./src/hal/frontPanel.o
                                        0x2b8 (size before relaxing)
 .debug_str     0x00000000000051c6       0x8b ./src/hal/timer.o
                                        0x7cf (size before relaxing)
 .debug_str     0x0000000000005251      0x286 ./src/calibration.o
                                        0x629 (size before relaxing)
 .debug_str     0x00000000000054d7      0x115 ./src/displayRoutines.o
                                        0x38c (size before relaxing)
 .debug_str     0x00000000000055ec       0xb1 ./src/loadFunctions.o
                                        0x499 (size before relaxing)
 .debug_str     0x000000000000569d       0x53 ./src/main.o
                                        0x8ad (size before relaxing)
 .debug_str     0x00000000000056f0       0x1c ./src/string.o
                                        0x1e6 (size before relaxing)

.debug_loc      0x0000000000000000     0x7b41
 *(.debug_loc)
 .debug_loc     0x0000000000000000      0x33a ./src/system/core_cm3.o
 .debug_loc     0x000000000000033a       0x99 ./src/system/system_stm32f10x.o
 .debug_loc     0x00000000000003d3      0x170 ./src/peripheral/misc.o
 .debug_loc     0x0000000000000543      0xb3c ./src/peripheral/stm32f10x_adc.o
 .debug_loc     0x000000000000107f       0xee ./src/peripheral/stm32f10x_bkp.o
 .debug_loc     0x000000000000116d      0x861 ./src/peripheral/stm32f10x_can.o
 .debug_loc     0x00000000000019ce      0x1c8 ./src/peripheral/stm32f10x_cec.o
 .debug_loc     0x0000000000001b96       0x75 ./src/peripheral/stm32f10x_crc.o
 .debug_loc     0x0000000000001c0b      0x255 ./src/peripheral/stm32f10x_dac.o
 .debug_loc     0x0000000000001e60       0x3a ./src/peripheral/stm32f10x_dbgmcu.o
 .debug_loc     0x0000000000001e9a      0x183 ./src/peripheral/stm32f10x_dma.o
 .debug_loc     0x000000000000201d      0x172 ./src/peripheral/stm32f10x_exti.o
 .debug_loc     0x000000000000218f      0x7a0 ./src/peripheral/stm32f10x_flash.o
 .debug_loc     0x000000000000292f      0x3bb ./src/peripheral/stm32f10x_fsmc.o
 .debug_loc     0x0000000000002cea      0x512 ./src/peripheral/stm32f10x_gpio.o
 .debug_loc     0x00000000000031fc      0x69d ./src/peripheral/stm32f10x_i2c.o
 .debug_loc     0x0000000000003899       0x62 ./src/peripheral/stm32f10x_iwdg.o
 .debug_loc     0x00000000000038fb      0x111 ./src/peripheral/stm32f10x_pwr.o
 .debug_loc     0x0000000000003a0c      0x676 ./src/peripheral/stm32f10x_rcc.o
 .debug_loc     0x0000000000004082      0x240 ./src/peripheral/stm32f10x_rtc.o
 .debug_loc     0x00000000000042c2      0x201 ./src/peripheral/stm32f10x_sdio.o
 .debug_loc     0x00000000000044c3      0x5f0 ./src/peripheral/stm32f10x_spi.o
 .debug_loc     0x0000000000004ab3     0x1c41 ./src/peripheral/stm32f10x_tim.o
 .debug_loc     0x00000000000066f4      0x767 ./src/peripheral/stm32f10x_usart.o
 .debug_loc     0x0000000000006e5b       0xae ./src/peripheral/stm32f10x_wwdg.o
 .debug_loc     0x0000000000006f09      0x176 ./src/hal/currentSink.o
 .debug_loc     0x000000000000707f      0x129 ./src/hal/display.o
 .debug_loc     0x00000000000071a8       0x34 ./src/hal/extTrigger.o
 .debug_loc     0x00000000000071dc      0x12c ./src/hal/timer.o
 .debug_loc     0x0000000000007308      0x318 ./src/calibration.o
 .debug_loc     0x0000000000007620      0x36f ./src/displayRoutines.o
 .debug_loc     0x000000000000798f       0xa3 ./src/loadFunctions.o
 .debug_loc     0x0000000000007a32       0x42 ./src/main.o
 .debug_loc     0x0000000000007a74       0xcd ./src/string.o

.debug_macinfo
 *(.debug_macinfo)

.debug_weaknames
 *(.debug_weaknames)

.debug_funcnames
 *(.debug_funcnames)

.debug_typenames
 *(.debug_typenames)

.debug_varnames
 *(.debug_varnames)

.debug_pubtypes
 *(.debug_pubtypes)

.debug_ranges   0x0000000000000000     0x13b8
 *(.debug_ranges)
 .debug_ranges  0x0000000000000000       0xb8 ./src/system/core_cm3.o
 .debug_ranges  0x00000000000000b8       0x20 ./src/system/startup_stm32f10x_md.o
 .debug_ranges  0x00000000000000d8       0x30 ./src/system/system_stm32f10x.o
 .debug_ranges  0x0000000000000108       0x30 ./src/peripheral/misc.o
 .debug_ranges  0x0000000000000138      0x128 ./src/peripheral/stm32f10x_adc.o
 .debug_ranges  0x0000000000000260       0x68 ./src/peripheral/stm32f10x_bkp.o
 .debug_ranges  0x00000000000002c8      0x118 ./src/peripheral/stm32f10x_can.o
 .debug_ranges  0x00000000000003e0       0x78 ./src/peripheral/stm32f10x_cec.o
 .debug_ranges  0x0000000000000458       0x38 ./src/peripheral/stm32f10x_crc.o
 .debug_ranges  0x0000000000000490       0x68 ./src/peripheral/stm32f10x_dac.o
 .debug_ranges  0x00000000000004f8       0x20 ./src/peripheral/stm32f10x_dbgmcu.o
 .debug_ranges  0x0000000000000518       0x60 ./src/peripheral/stm32f10x_dma.o
 .debug_ranges  0x0000000000000578       0x48 ./src/peripheral/stm32f10x_exti.o
 .debug_ranges  0x00000000000005c0       0xe8 ./src/peripheral/stm32f10x_flash.o
 .debug_ranges  0x00000000000006a8       0xa0 ./src/peripheral/stm32f10x_fsmc.o
 .debug_ranges  0x0000000000000748       0x98 ./src/peripheral/stm32f10x_gpio.o
 .debug_ranges  0x00000000000007e0      0x110 ./src/peripheral/stm32f10x_i2c.o
 .debug_ranges  0x00000000000008f0       0x38 ./src/peripheral/stm32f10x_iwdg.o
 .debug_ranges  0x0000000000000928       0x50 ./src/peripheral/stm32f10x_pwr.o
 .debug_ranges  0x0000000000000978      0x108 ./src/peripheral/stm32f10x_rcc.o
 .debug_ranges  0x0000000000000a80       0x78 ./src/peripheral/stm32f10x_rtc.o
 .debug_ranges  0x0000000000000af8       0xf8 ./src/peripheral/stm32f10x_sdio.o
 .debug_ranges  0x0000000000000bf0       0xc0 ./src/peripheral/stm32f10x_spi.o
 .debug_ranges  0x0000000000000cb0      0x308 ./src/peripheral/stm32f10x_tim.o
 .debug_ranges  0x0000000000000fb8       0xf0 ./src/peripheral/stm32f10x_usart.o
 .debug_ranges  0x00000000000010a8       0x48 ./src/peripheral/stm32f10x_wwdg.o
 .debug_ranges  0x00000000000010f0       0x40 ./src/hal/currentSink.o
 .debug_ranges  0x0000000000001130       0x68 ./src/hal/display.o
 .debug_ranges  0x0000000000001198       0x40 ./src/hal/extTrigger.o
 .debug_ranges  0x00000000000011d8       0x20 ./src/hal/frontPanel.o
 .debug_ranges  0x00000000000011f8       0x28 ./src/hal/timer.o
 .debug_ranges  0x0000000000001220       0x98 ./src/calibration.o
 .debug_ranges  0x00000000000012b8       0x48 ./src/displayRoutines.o
 .debug_ranges  0x0000000000001300       0x38 ./src/loadFunctions.o
 .debug_ranges  0x0000000000001338       0x50 ./src/main.o
 .debug_ranges  0x0000000000001388       0x30 ./src/string.o

.debug_macro
 *(.debug_macro)

.stack          0x0000000000080000        0x0
                0x0000000000080000                _stack = .
 *(.stack)

.ARM.attributes
                0x0000000000000000       0x29
 *(.ARM.attributes)
 .ARM.attributes
                0x0000000000000000       0x1d /usr/bin/../lib/gcc/arm-none-eabi/4.9.3/armv7-m/crti.o
 .ARM.attributes
                0x000000000000001d       0x2d /usr/bin/../lib/gcc/arm-none-eabi/4.9.3/armv7-m/crtbegin.o
 .ARM.attributes
                0x000000000000004a       0x1b /usr/bin/../lib/gcc/arm-none-eabi/4.9.3/../../../../arm-none-eabi/lib/armv7-m/crt0.o
 .ARM.attributes
                0x0000000000000065       0x33 ./src/system/core_cm3.o
 .ARM.attributes
                0x0000000000000098       0x21 ./src/system/startup_stm32f10x_md.o
 .ARM.attributes
                0x00000000000000b9       0x33 ./src/system/system_stm32f10x.o
 .ARM.attributes
                0x00000000000000ec       0x33 ./src/peripheral/misc.o
 .ARM.attributes
                0x000000000000011f       0x33 ./src/peripheral/stm32f10x_adc.o
 .ARM.attributes
                0x0000000000000152       0x33 ./src/peripheral/stm32f10x_bkp.o
 .ARM.attributes
                0x0000000000000185       0x33 ./src/peripheral/stm32f10x_can.o
 .ARM.attributes
                0x00000000000001b8       0x33 ./src/peripheral/stm32f10x_cec.o
 .ARM.attributes
                0x00000000000001eb       0x33 ./src/peripheral/stm32f10x_crc.o
 .ARM.attributes
                0x000000000000021e       0x33 ./src/peripheral/stm32f10x_dac.o
 .ARM.attributes
                0x0000000000000251       0x33 ./src/peripheral/stm32f10x_dbgmcu.o
 .ARM.attributes
                0x0000000000000284       0x33 ./src/peripheral/stm32f10x_dma.o
 .ARM.attributes
                0x00000000000002b7       0x33 ./src/peripheral/stm32f10x_exti.o
 .ARM.attributes
                0x00000000000002ea       0x33 ./src/peripheral/stm32f10x_flash.o
 .ARM.attributes
                0x000000000000031d       0x33 ./src/peripheral/stm32f10x_fsmc.o
 .ARM.attributes
                0x0000000000000350       0x33 ./src/peripheral/stm32f10x_gpio.o
 .ARM.attributes
                0x0000000000000383       0x33 ./src/peripheral/stm32f10x_i2c.o
 .ARM.attributes
                0x00000000000003b6       0x33 ./src/peripheral/stm32f10x_iwdg.o
 .ARM.attributes
                0x00000000000003e9       0x33 ./src/peripheral/stm32f10x_pwr.o
 .ARM.attributes
                0x000000000000041c       0x33 ./src/peripheral/stm32f10x_rcc.o
 .ARM.attributes
                0x000000000000044f       0x33 ./src/peripheral/stm32f10x_rtc.o
 .ARM.attributes
                0x0000000000000482       0x33 ./src/peripheral/stm32f10x_sdio.o
 .ARM.attributes
                0x00000000000004b5       0x33 ./src/peripheral/stm32f10x_spi.o
 .ARM.attributes
                0x00000000000004e8       0x33 ./src/peripheral/stm32f10x_tim.o
 .ARM.attributes
                0x000000000000051b       0x33 ./src/peripheral/stm32f10x_usart.o
 .ARM.attributes
                0x000000000000054e       0x33 ./src/peripheral/stm32f10x_wwdg.o
 .ARM.attributes
                0x0000000000000581       0x33 ./src/hal/currentSink.o
 .ARM.attributes
                0x00000000000005b4       0x33 ./src/hal/display.o
 .ARM.attributes
                0x00000000000005e7       0x33 ./src/hal/extTrigger.o
 .ARM.attributes
                0x000000000000061a       0x33 ./src/hal/frontPanel.o
 .ARM.attributes
                0x000000000000064d       0x33 ./src/hal/timer.o
 .ARM.attributes
                0x0000000000000680       0x33 ./src/calibration.o
 .ARM.attributes
                0x00000000000006b3       0x33 ./src/displayRoutines.o
 .ARM.attributes
                0x00000000000006e6       0x33 ./src/loadFunctions.o
 .ARM.attributes
                0x0000000000000719       0x33 ./src/main.o
 .ARM.attributes
                0x000000000000074c       0x33 ./src/string.o
 .ARM.attributes
                0x000000000000077f       0x1d /usr/bin/../lib/gcc/arm-none-eabi/4.9.3/armv7-m/libgcc.a(_arm_addsubsf3.o)
 .ARM.attributes
                0x000000000000079c       0x1d /usr/bin/../lib/gcc/arm-none-eabi/4.9.3/armv7-m/libgcc.a(_arm_muldivsf3.o)
 .ARM.attributes
                0x00000000000007b9       0x1d /usr/bin/../lib/gcc/arm-none-eabi/4.9.3/armv7-m/libgcc.a(_arm_fixsfsi.o)
 .ARM.attributes
                0x00000000000007d6       0x2d /usr/bin/../lib/gcc/arm-none-eabi/4.9.3/../../../../arm-none-eabi/lib/armv7-m/libg.a(lib_a-exit.o)
 .ARM.attributes
                0x0000000000000803       0x2d /usr/bin/../lib/gcc/arm-none-eabi/4.9.3/../../../../arm-none-eabi/lib/armv7-m/libg.a(lib_a-impure.o)
 .ARM.attributes
                0x0000000000000830       0x2d /usr/bin/../lib/gcc/arm-none-eabi/4.9.3/../../../../arm-none-eabi/lib/armv7-m/libg.a(lib_a-init.o)
 .ARM.attributes
                0x000000000000085d       0x2d /usr/bin/../lib/gcc/arm-none-eabi/4.9.3/../../../../arm-none-eabi/lib/armv7-m/libg.a(lib_a-memset.o)
 .ARM.attributes
                0x000000000000088a       0x2d /usr/bin/../lib/gcc/arm-none-eabi/4.9.3/../../../../arm-none-eabi/lib/armv7-m/libg.a(lib_a-__call_atexit.o)
 .ARM.attributes
                0x00000000000008b7       0x2d /usr/bin/../lib/gcc/arm-none-eabi/4.9.3/../../../../arm-none-eabi/lib/armv7-m/libg.a(lib_a-atexit.o)
 .ARM.attributes
                0x00000000000008e4       0x2d /usr/bin/../lib/gcc/arm-none-eabi/4.9.3/../../../../arm-none-eabi/lib/armv7-m/libg.a(lib_a-fini.o)
 .ARM.attributes
                0x0000000000000911       0x2d /usr/bin/../lib/gcc/arm-none-eabi/4.9.3/../../../../arm-none-eabi/lib/armv7-m/libg.a(lib_a-__atexit.o)
 .ARM.attributes
                0x000000000000093e       0x2d /usr/bin/../lib/gcc/arm-none-eabi/4.9.3/armv7-m/crtend.o
 .ARM.attributes
                0x000000000000096b       0x1d /usr/bin/../lib/gcc/arm-none-eabi/4.9.3/armv7-m/crtn.o
 *(.gnu.attributes)

.note.gnu.arm.ident
 *(.note.gnu.arm.ident)

/DISCARD/
 *(.note.GNU-stack)
 *(.gnu_debuglink)
 *(.gnu.lto_*)
OUTPUT(electronicLoad.elf elf32-littlearm)
